Info: Start Nativelink Simulation process
Error : Can't open file -- C:/Users/Filipe Boaventura/Documents/ECOMP/5º Semestre/SD/Problema 1/WarmUp/t02-warmup/rtl/warmup.v
can not find channel named "couldn't open "C:/Users/Filipe Boaventura/Documents/ECOMP/5º Semestre/SD/Problema 1/WarmUp/t02-warmup/rtl/warmup.v": no such file or directory"
Error: NativeLink simulation flow was NOT successful



================The following additional information is provided to help identify the cause of error while running nativelink scripts=================
Nativelink TCL script failed with errorCode:  TCL LOOKUP CHANNEL {couldn't open "C:/Users/Filipe Boaventura/Documents/ECOMP/5º Semestre/SD/Problema 1/WarmUp/t02-warmup/rtl/warmup.v": no such file or directory}
Nativelink TCL script failed with errorInfo:  can not find channel named "couldn't open "C:/Users/Filipe Boaventura/Documents/ECOMP/5º Semestre/SD/Problema 1/WarmUp/t02-warmup/rtl/warmup.v": no such file or directory"
    while executing
"eof $file_id "
    (procedure "get_ip_info" line 20)
    invoked from within
"get_ip_info $full_file_name"
    (procedure "run_eda_simulation_tool" line 195)
    invoked from within
"run_eda_simulation_tool eda_opts_hash"
