------------------------------------------------------------
TimeQuest Timing Analyzer Summary
------------------------------------------------------------

Type  : Slow 1200mV 100C Model Setup 'Interface_Control:inst1|rx_dataOperation[1]'
Slack : -14.993
TNS   : -73.810

Type  : Slow 1200mV 100C Model Setup 'clock'
Slack : -2.809
TNS   : -184.642

Type  : Slow 1200mV 100C Model Hold 'Interface_Control:inst1|rx_dataOperation[1]'
Slack : -1.168
TNS   : -7.770

Type  : Slow 1200mV 100C Model Hold 'clock'
Slack : 0.398
TNS   : 0.000

Type  : Slow 1200mV -40C Model Setup 'Interface_Control:inst1|rx_dataOperation[1]'
Slack : -12.777
TNS   : -63.557

Type  : Slow 1200mV -40C Model Setup 'clock'
Slack : -2.465
TNS   : -155.543

Type  : Slow 1200mV -40C Model Hold 'Interface_Control:inst1|rx_dataOperation[1]'
Slack : -1.082
TNS   : -6.885

Type  : Slow 1200mV -40C Model Hold 'clock'
Slack : 0.333
TNS   : 0.000

Type  : Fast 1200mV -40C Model Setup 'Interface_Control:inst1|rx_dataOperation[1]'
Slack : -6.245
TNS   : -29.938

Type  : Fast 1200mV -40C Model Setup 'clock'
Slack : -0.824
TNS   : -37.005

Type  : Fast 1200mV -40C Model Hold 'Interface_Control:inst1|rx_dataOperation[1]'
Slack : -0.645
TNS   : -4.352

Type  : Fast 1200mV -40C Model Hold 'clock'
Slack : 0.084
TNS   : 0.000

------------------------------------------------------------
