Analysis & Synthesis report for warmup
Thu Sep 25 15:27:42 2014
Quartus II 64-Bit Version 13.1.0 Build 162 10/23/2013 SJ Web Edition


---------------------
; Table of Contents ;
---------------------
  1. Legal Notice
  2. Analysis & Synthesis Summary
  3. Analysis & Synthesis Settings
  4. Parallel Compilation
  5. Analysis & Synthesis Source Files Read
  6. Analysis & Synthesis Resource Usage Summary
  7. Analysis & Synthesis Resource Utilization by Entity
  8. Analysis & Synthesis DSP Block Usage Summary
  9. State Machine - |Main|uart:inst3|rx_fsm
 10. State Machine - |Main|uart:inst3|tx_fsm
 11. User-Specified and Inferred Latches
 12. Registers Removed During Synthesis
 13. Removed Registers Triggering Further Register Optimizations
 14. General Register Statistics
 15. Inverted Register Statistics
 16. Multiplexer Restructuring Statistics (Restructuring Performed)
 17. Parameter Settings for User Entity Instance: uart:inst3
 18. Parameter Settings for Inferred Entity Instance: ula_k:inst1|lpm_mult:Mult0
 19. Parameter Settings for Inferred Entity Instance: ula_k:inst1|lpm_divide:Div0
 20. lpm_mult Parameter Settings by Entity Instance
 21. Elapsed Time Per Partition
 22. Analysis & Synthesis Messages



----------------
; Legal Notice ;
----------------
Copyright (C) 1991-2013 Altera Corporation
Your use of Altera Corporation's design tools, logic functions 
and other software and tools, and its AMPP partner logic 
functions, and any output files from any of the foregoing 
(including device programming or simulation files), and any 
associated documentation or information are expressly subject 
to the terms and conditions of the Altera Program License 
Subscription Agreement, Altera MegaCore Function License 
Agreement, or other applicable license agreement, including, 
without limitation, that your use is for the sole purpose of 
programming logic devices manufactured by Altera and sold by 
Altera or its authorized distributors.  Please refer to the 
applicable agreement for further details.



+---------------------------------------------------------------------------------+
; Analysis & Synthesis Summary                                                    ;
+------------------------------------+--------------------------------------------+
; Analysis & Synthesis Status        ; Successful - Thu Sep 25 15:27:42 2014      ;
; Quartus II 64-Bit Version          ; 13.1.0 Build 162 10/23/2013 SJ Web Edition ;
; Revision Name                      ; warmup                                     ;
; Top-level Entity Name              ; Main                                       ;
; Family                             ; Cyclone III                                ;
; Total logic elements               ; 230                                        ;
;     Total combinational functions  ; 194                                        ;
;     Dedicated logic registers      ; 84                                         ;
; Total registers                    ; 84                                         ;
; Total pins                         ; 12                                         ;
; Total virtual pins                 ; 0                                          ;
; Total memory bits                  ; 0                                          ;
; Embedded Multiplier 9-bit elements ; 1                                          ;
; Total PLLs                         ; 0                                          ;
+------------------------------------+--------------------------------------------+


+----------------------------------------------------------------------------------------------------------------------+
; Analysis & Synthesis Settings                                                                                        ;
+----------------------------------------------------------------------------+--------------------+--------------------+
; Option                                                                     ; Setting            ; Default Value      ;
+----------------------------------------------------------------------------+--------------------+--------------------+
; Device                                                                     ; EP3C25F324I7       ;                    ;
; Top-level entity name                                                      ; Main               ; warmup             ;
; Family name                                                                ; Cyclone III        ; Cyclone IV GX      ;
; Use smart compilation                                                      ; Off                ; Off                ;
; Enable parallel Assembler and TimeQuest Timing Analyzer during compilation ; On                 ; On                 ;
; Enable compact report table                                                ; Off                ; Off                ;
; Restructure Multiplexers                                                   ; Auto               ; Auto               ;
; Create Debugging Nodes for IP Cores                                        ; Off                ; Off                ;
; Preserve fewer node names                                                  ; On                 ; On                 ;
; Disable OpenCore Plus hardware evaluation                                  ; Off                ; Off                ;
; Verilog Version                                                            ; Verilog_2001       ; Verilog_2001       ;
; VHDL Version                                                               ; VHDL_1993          ; VHDL_1993          ;
; State Machine Processing                                                   ; Auto               ; Auto               ;
; Safe State Machine                                                         ; Off                ; Off                ;
; Extract Verilog State Machines                                             ; On                 ; On                 ;
; Extract VHDL State Machines                                                ; On                 ; On                 ;
; Ignore Verilog initial constructs                                          ; Off                ; Off                ;
; Iteration limit for constant Verilog loops                                 ; 5000               ; 5000               ;
; Iteration limit for non-constant Verilog loops                             ; 250                ; 250                ;
; Add Pass-Through Logic to Inferred RAMs                                    ; On                 ; On                 ;
; Infer RAMs from Raw Logic                                                  ; On                 ; On                 ;
; Parallel Synthesis                                                         ; On                 ; On                 ;
; DSP Block Balancing                                                        ; Auto               ; Auto               ;
; NOT Gate Push-Back                                                         ; On                 ; On                 ;
; Power-Up Don't Care                                                        ; On                 ; On                 ;
; Remove Redundant Logic Cells                                               ; Off                ; Off                ;
; Remove Duplicate Registers                                                 ; On                 ; On                 ;
; Ignore CARRY Buffers                                                       ; Off                ; Off                ;
; Ignore CASCADE Buffers                                                     ; Off                ; Off                ;
; Ignore GLOBAL Buffers                                                      ; Off                ; Off                ;
; Ignore ROW GLOBAL Buffers                                                  ; Off                ; Off                ;
; Ignore LCELL Buffers                                                       ; Off                ; Off                ;
; Ignore SOFT Buffers                                                        ; On                 ; On                 ;
; Limit AHDL Integers to 32 Bits                                             ; Off                ; Off                ;
; Optimization Technique                                                     ; Balanced           ; Balanced           ;
; Carry Chain Length                                                         ; 70                 ; 70                 ;
; Auto Carry Chains                                                          ; On                 ; On                 ;
; Auto Open-Drain Pins                                                       ; On                 ; On                 ;
; Perform WYSIWYG Primitive Resynthesis                                      ; Off                ; Off                ;
; Auto ROM Replacement                                                       ; On                 ; On                 ;
; Auto RAM Replacement                                                       ; On                 ; On                 ;
; Auto DSP Block Replacement                                                 ; On                 ; On                 ;
; Auto Shift Register Replacement                                            ; Auto               ; Auto               ;
; Allow Shift Register Merging across Hierarchies                            ; Auto               ; Auto               ;
; Auto Clock Enable Replacement                                              ; On                 ; On                 ;
; Strict RAM Replacement                                                     ; Off                ; Off                ;
; Allow Synchronous Control Signals                                          ; On                 ; On                 ;
; Force Use of Synchronous Clear Signals                                     ; Off                ; Off                ;
; Auto RAM Block Balancing                                                   ; On                 ; On                 ;
; Auto RAM to Logic Cell Conversion                                          ; Off                ; Off                ;
; Auto Resource Sharing                                                      ; Off                ; Off                ;
; Allow Any RAM Size For Recognition                                         ; Off                ; Off                ;
; Allow Any ROM Size For Recognition                                         ; Off                ; Off                ;
; Allow Any Shift Register Size For Recognition                              ; Off                ; Off                ;
; Use LogicLock Constraints during Resource Balancing                        ; On                 ; On                 ;
; Ignore translate_off and synthesis_off directives                          ; Off                ; Off                ;
; Timing-Driven Synthesis                                                    ; On                 ; On                 ;
; Report Parameter Settings                                                  ; On                 ; On                 ;
; Report Source Assignments                                                  ; On                 ; On                 ;
; Report Connectivity Checks                                                 ; On                 ; On                 ;
; Ignore Maximum Fan-Out Assignments                                         ; Off                ; Off                ;
; Synchronization Register Chain Length                                      ; 2                  ; 2                  ;
; PowerPlay Power Optimization                                               ; Normal compilation ; Normal compilation ;
; HDL message level                                                          ; Level2             ; Level2             ;
; Suppress Register Optimization Related Messages                            ; Off                ; Off                ;
; Number of Removed Registers Reported in Synthesis Report                   ; 5000               ; 5000               ;
; Number of Swept Nodes Reported in Synthesis Report                         ; 5000               ; 5000               ;
; Number of Inverted Registers Reported in Synthesis Report                  ; 100                ; 100                ;
; Clock MUX Protection                                                       ; On                 ; On                 ;
; Auto Gated Clock Conversion                                                ; Off                ; Off                ;
; Block Design Naming                                                        ; Auto               ; Auto               ;
; SDC constraint protection                                                  ; Off                ; Off                ;
; Synthesis Effort                                                           ; Auto               ; Auto               ;
; Shift Register Replacement - Allow Asynchronous Clear Signal               ; On                 ; On                 ;
; Pre-Mapping Resynthesis Optimization                                       ; Off                ; Off                ;
; Analysis & Synthesis Message Level                                         ; Medium             ; Medium             ;
; Disable Register Merging Across Hierarchies                                ; Auto               ; Auto               ;
; Resource Aware Inference For Block RAM                                     ; On                 ; On                 ;
; Synthesis Seed                                                             ; 1                  ; 1                  ;
+----------------------------------------------------------------------------+--------------------+--------------------+


Parallel compilation was disabled, but you have multiple processors available. Enable parallel compilation to reduce compilation time.
+-------------------------------------+
; Parallel Compilation                ;
+----------------------------+--------+
; Processors                 ; Number ;
+----------------------------+--------+
; Number detected on machine ; 4      ;
; Maximum allowed            ; 1      ;
+----------------------------+--------+


+---------------------------------------------------------------------------------------------------------------------------------------------------------------------------------+
; Analysis & Synthesis Source Files Read                                                                                                                                          ;
+----------------------------------+-----------------+------------------------------------+-----------------------------------------------------------------------------+---------+
; File Name with User-Entered Path ; Used in Netlist ; File Type                          ; File Name with Absolute Path                                                ; Library ;
+----------------------------------+-----------------+------------------------------------+-----------------------------------------------------------------------------+---------+
; ula_k.v                          ; yes             ; User Verilog HDL File              ; /home/di3go/workspace/t02-warmup/rtl/ula_k.v                                ;         ;
; uart.vhd                         ; yes             ; User VHDL File                     ; /home/di3go/workspace/t02-warmup/rtl/uart.vhd                               ;         ;
; Main.bdf                         ; yes             ; User Block Diagram/Schematic File  ; /home/di3go/workspace/t02-warmup/rtl/Main.bdf                               ;         ;
; Interface_Control.v              ; yes             ; Auto-Found Verilog HDL File        ; /home/di3go/workspace/t02-warmup/rtl/Interface_Control.v                    ;         ;
; lpm_mult.tdf                     ; yes             ; Megafunction                       ; /home/di3go/altera/13.1/quartus/libraries/megafunctions/lpm_mult.tdf        ;         ;
; aglobal131.inc                   ; yes             ; Megafunction                       ; /home/di3go/altera/13.1/quartus/libraries/megafunctions/aglobal131.inc      ;         ;
; lpm_add_sub.inc                  ; yes             ; Megafunction                       ; /home/di3go/altera/13.1/quartus/libraries/megafunctions/lpm_add_sub.inc     ;         ;
; multcore.inc                     ; yes             ; Megafunction                       ; /home/di3go/altera/13.1/quartus/libraries/megafunctions/multcore.inc        ;         ;
; bypassff.inc                     ; yes             ; Megafunction                       ; /home/di3go/altera/13.1/quartus/libraries/megafunctions/bypassff.inc        ;         ;
; altshift.inc                     ; yes             ; Megafunction                       ; /home/di3go/altera/13.1/quartus/libraries/megafunctions/altshift.inc        ;         ;
; db/mult_19t.tdf                  ; yes             ; Auto-Generated Megafunction        ; /home/di3go/workspace/t02-warmup/rtl/db/mult_19t.tdf                        ;         ;
; lpm_divide.tdf                   ; yes             ; Megafunction                       ; /home/di3go/altera/13.1/quartus/libraries/megafunctions/lpm_divide.tdf      ;         ;
; abs_divider.inc                  ; yes             ; Megafunction                       ; /home/di3go/altera/13.1/quartus/libraries/megafunctions/abs_divider.inc     ;         ;
; sign_div_unsign.inc              ; yes             ; Megafunction                       ; /home/di3go/altera/13.1/quartus/libraries/megafunctions/sign_div_unsign.inc ;         ;
; db/lpm_divide_egm.tdf            ; yes             ; Auto-Generated Megafunction        ; /home/di3go/workspace/t02-warmup/rtl/db/lpm_divide_egm.tdf                  ;         ;
; db/sign_div_unsign_fkh.tdf       ; yes             ; Auto-Generated Megafunction        ; /home/di3go/workspace/t02-warmup/rtl/db/sign_div_unsign_fkh.tdf             ;         ;
; db/alt_u_div_93f.tdf             ; yes             ; Auto-Generated Megafunction        ; /home/di3go/workspace/t02-warmup/rtl/db/alt_u_div_93f.tdf                   ;         ;
; db/add_sub_unc.tdf               ; yes             ; Auto-Generated Megafunction        ; /home/di3go/workspace/t02-warmup/rtl/db/add_sub_unc.tdf                     ;         ;
; db/add_sub_vnc.tdf               ; yes             ; Auto-Generated Megafunction        ; /home/di3go/workspace/t02-warmup/rtl/db/add_sub_vnc.tdf                     ;         ;
+----------------------------------+-----------------+------------------------------------+-----------------------------------------------------------------------------+---------+


+-----------------------------------------------------------+
; Analysis & Synthesis Resource Usage Summary               ;
+---------------------------------------------+-------------+
; Resource                                    ; Usage       ;
+---------------------------------------------+-------------+
; Estimated Total logic elements              ; 230         ;
;                                             ;             ;
; Total combinational functions               ; 194         ;
; Logic element usage by number of LUT inputs ;             ;
;     -- 4 input functions                    ; 70          ;
;     -- 3 input functions                    ; 75          ;
;     -- <=2 input functions                  ; 49          ;
;                                             ;             ;
; Logic elements by mode                      ;             ;
;     -- normal mode                          ; 134         ;
;     -- arithmetic mode                      ; 60          ;
;                                             ;             ;
; Total registers                             ; 84          ;
;     -- Dedicated logic registers            ; 84          ;
;     -- I/O registers                        ; 0           ;
;                                             ;             ;
; I/O pins                                    ; 12          ;
; Embedded Multiplier 9-bit elements          ; 1           ;
; Maximum fan-out node                        ; clock~input ;
; Maximum fan-out                             ; 84          ;
; Total fan-out                               ; 866         ;
; Average fan-out                             ; 2.85        ;
+---------------------------------------------+-------------+


+------------------------------------------------------------------------------------------------------------------------------------------------------------------------------------------------------------------------------------------------------------------------------------------+
; Analysis & Synthesis Resource Utilization by Entity                                                                                                                                                                                                                                      ;
+-------------------------------------------+-------------------+--------------+-------------+--------------+---------+-----------+------+--------------+-------------------------------------------------------------------------------------------------------------------+--------------+
; Compilation Hierarchy Node                ; LC Combinationals ; LC Registers ; Memory Bits ; DSP Elements ; DSP 9x9 ; DSP 18x18 ; Pins ; Virtual Pins ; Full Hierarchy Name                                                                                               ; Library Name ;
+-------------------------------------------+-------------------+--------------+-------------+--------------+---------+-----------+------+--------------+-------------------------------------------------------------------------------------------------------------------+--------------+
; |Main                                     ; 194 (0)           ; 84 (0)       ; 0           ; 1            ; 1       ; 0         ; 12   ; 0            ; |Main                                                                                                             ; work         ;
;    |Interface_Control:inst|               ; 29 (29)           ; 42 (42)      ; 0           ; 0            ; 0       ; 0         ; 0    ; 0            ; |Main|Interface_Control:inst                                                                                      ; work         ;
;    |uart:inst3|                           ; 30 (30)           ; 42 (42)      ; 0           ; 0            ; 0       ; 0         ; 0    ; 0            ; |Main|uart:inst3                                                                                                  ; work         ;
;    |ula_k:inst1|                          ; 135 (62)          ; 0 (0)        ; 0           ; 1            ; 1       ; 0         ; 0    ; 0            ; |Main|ula_k:inst1                                                                                                 ; work         ;
;       |lpm_divide:Div0|                   ; 73 (0)            ; 0 (0)        ; 0           ; 0            ; 0       ; 0         ; 0    ; 0            ; |Main|ula_k:inst1|lpm_divide:Div0                                                                                 ; work         ;
;          |lpm_divide_egm:auto_generated|  ; 73 (0)            ; 0 (0)        ; 0           ; 0            ; 0       ; 0         ; 0    ; 0            ; |Main|ula_k:inst1|lpm_divide:Div0|lpm_divide_egm:auto_generated                                                   ; work         ;
;             |sign_div_unsign_fkh:divider| ; 73 (0)            ; 0 (0)        ; 0           ; 0            ; 0       ; 0         ; 0    ; 0            ; |Main|ula_k:inst1|lpm_divide:Div0|lpm_divide_egm:auto_generated|sign_div_unsign_fkh:divider                       ; work         ;
;                |alt_u_div_93f:divider|    ; 73 (73)           ; 0 (0)        ; 0           ; 0            ; 0       ; 0         ; 0    ; 0            ; |Main|ula_k:inst1|lpm_divide:Div0|lpm_divide_egm:auto_generated|sign_div_unsign_fkh:divider|alt_u_div_93f:divider ; work         ;
;       |lpm_mult:Mult0|                    ; 0 (0)             ; 0 (0)        ; 0           ; 1            ; 1       ; 0         ; 0    ; 0            ; |Main|ula_k:inst1|lpm_mult:Mult0                                                                                  ; work         ;
;          |mult_19t:auto_generated|        ; 0 (0)             ; 0 (0)        ; 0           ; 1            ; 1       ; 0         ; 0    ; 0            ; |Main|ula_k:inst1|lpm_mult:Mult0|mult_19t:auto_generated                                                          ; work         ;
+-------------------------------------------+-------------------+--------------+-------------+--------------+---------+-----------+------+--------------+-------------------------------------------------------------------------------------------------------------------+--------------+
Note: For table entries with two numbers listed, the numbers in parentheses indicate the number of resources of the given type used by the specific entity alone. The numbers listed outside of parentheses indicate the total resources of the given type used by the specific entity and all of its sub-entities in the hierarchy.


+-----------------------------------------------------+
; Analysis & Synthesis DSP Block Usage Summary        ;
+---------------------------------------+-------------+
; Statistic                             ; Number Used ;
+---------------------------------------+-------------+
; Simple Multipliers (9-bit)            ; 1           ;
; Simple Multipliers (18-bit)           ; 0           ;
; Embedded Multiplier Blocks            ; --          ;
; Embedded Multiplier 9-bit elements    ; 1           ;
; Signed Embedded Multipliers           ; 0           ;
; Unsigned Embedded Multipliers         ; 1           ;
; Mixed Sign Embedded Multipliers       ; 0           ;
; Variable Sign Embedded Multipliers    ; 0           ;
; Dedicated Input Shift Register Chains ; 0           ;
+---------------------------------------+-------------+
Note: number of Embedded Multiplier Blocks used is only available after a successful fit.


Encoding Type:  One-Hot
+-----------------------------------------------------------------------------------------+
; State Machine - |Main|uart:inst3|rx_fsm                                                 ;
+---------------+--------------+--------------+---------------+-------------+-------------+
; Name          ; rx_fsm.stop2 ; rx_fsm.stop1 ; rx_fsm.parity ; rx_fsm.data ; rx_fsm.idle ;
+---------------+--------------+--------------+---------------+-------------+-------------+
; rx_fsm.idle   ; 0            ; 0            ; 0             ; 0           ; 0           ;
; rx_fsm.data   ; 0            ; 0            ; 0             ; 1           ; 1           ;
; rx_fsm.parity ; 0            ; 0            ; 1             ; 0           ; 1           ;
; rx_fsm.stop1  ; 0            ; 1            ; 0             ; 0           ; 1           ;
; rx_fsm.stop2  ; 1            ; 0            ; 0             ; 0           ; 1           ;
+---------------+--------------+--------------+---------------+-------------+-------------+


Encoding Type:  One-Hot
+-----------------------------------------------------------------------------------------+
; State Machine - |Main|uart:inst3|tx_fsm                                                 ;
+---------------+--------------+--------------+---------------+-------------+-------------+
; Name          ; tx_fsm.stop2 ; tx_fsm.stop1 ; tx_fsm.parity ; tx_fsm.data ; tx_fsm.idle ;
+---------------+--------------+--------------+---------------+-------------+-------------+
; tx_fsm.idle   ; 0            ; 0            ; 0             ; 0           ; 0           ;
; tx_fsm.data   ; 0            ; 0            ; 0             ; 1           ; 1           ;
; tx_fsm.parity ; 0            ; 0            ; 1             ; 0           ; 1           ;
; tx_fsm.stop1  ; 0            ; 1            ; 0             ; 0           ; 1           ;
; tx_fsm.stop2  ; 1            ; 0            ; 0             ; 0           ; 1           ;
+---------------+--------------+--------------+---------------+-------------+-------------+


+---------------------------------------------------------------------------------------------------+
; User-Specified and Inferred Latches                                                               ;
+----------------------------------------------------+---------------------+------------------------+
; Latch Name                                         ; Latch Enable Signal ; Free of Timing Hazards ;
+----------------------------------------------------+---------------------+------------------------+
; ula_k:inst1|result_alu[7]                          ; ula_k:inst1|WideOr0 ; yes                    ;
; ula_k:inst1|result_alu[6]                          ; ula_k:inst1|WideOr0 ; yes                    ;
; ula_k:inst1|result_alu[5]                          ; ula_k:inst1|WideOr0 ; yes                    ;
; ula_k:inst1|result_alu[4]                          ; ula_k:inst1|WideOr0 ; yes                    ;
; ula_k:inst1|result_alu[3]                          ; ula_k:inst1|WideOr0 ; yes                    ;
; ula_k:inst1|result_alu[2]                          ; ula_k:inst1|WideOr0 ; yes                    ;
; ula_k:inst1|result_alu[1]                          ; ula_k:inst1|WideOr0 ; yes                    ;
; ula_k:inst1|result_alu[0]                          ; ula_k:inst1|WideOr0 ; yes                    ;
; Number of user-specified and inferred latches = 8  ;                     ;                        ;
+----------------------------------------------------+---------------------+------------------------+
Note: All latches listed above may not be present at the end of synthesis due to various synthesis optimizations.


+---------------------------------------------------------------------------------+
; Registers Removed During Synthesis                                              ;
+----------------------------------------+----------------------------------------+
; Register name                          ; Reason for Removal                     ;
+----------------------------------------+----------------------------------------+
; uart:inst3|rx_par_bit                  ; Stuck at GND due to stuck port data_in ;
; uart:inst3|tx_clk_en                   ; Lost fanout                            ;
; uart:inst3|tx_data_cnt[0..2]           ; Lost fanout                            ;
; uart:inst3|\tx_clk_gen:counter[0..12]  ; Lost fanout                            ;
; uart:inst3|tx_fsm.idle                 ; Lost fanout                            ;
; uart:inst3|tx_fsm.data                 ; Lost fanout                            ;
; uart:inst3|tx_fsm.parity               ; Lost fanout                            ;
; uart:inst3|tx_fsm.stop1                ; Lost fanout                            ;
; uart:inst3|tx_fsm.stop2                ; Lost fanout                            ;
; uart:inst3|rx_fsm.stop2                ; Merged with uart:inst3|rx_fsm.stop1    ;
; uart:inst3|rx_fsm.parity               ; Stuck at GND due to stuck port data_in ;
; uart:inst3|rx_fsm.stop1                ; Stuck at GND due to stuck port data_in ;
; Total Number of Removed Registers = 26 ;                                        ;
+----------------------------------------+----------------------------------------+


+--------------------------------------------------------------------------------------------------------------------------+
; Removed Registers Triggering Further Register Optimizations                                                              ;
+---------------------------+--------------------+-------------------------------------------------------------------------+
; Register name             ; Reason for Removal ; Registers Removed due to This Register                                  ;
+---------------------------+--------------------+-------------------------------------------------------------------------+
; uart:inst3|tx_clk_en      ; Lost Fanouts       ; uart:inst3|\tx_clk_gen:counter[0], uart:inst3|\tx_clk_gen:counter[1],   ;
;                           ;                    ; uart:inst3|\tx_clk_gen:counter[2], uart:inst3|\tx_clk_gen:counter[3],   ;
;                           ;                    ; uart:inst3|\tx_clk_gen:counter[4], uart:inst3|\tx_clk_gen:counter[5],   ;
;                           ;                    ; uart:inst3|\tx_clk_gen:counter[6], uart:inst3|\tx_clk_gen:counter[7],   ;
;                           ;                    ; uart:inst3|\tx_clk_gen:counter[8], uart:inst3|\tx_clk_gen:counter[9],   ;
;                           ;                    ; uart:inst3|\tx_clk_gen:counter[10], uart:inst3|\tx_clk_gen:counter[11], ;
;                           ;                    ; uart:inst3|\tx_clk_gen:counter[12]                                      ;
; uart:inst3|tx_data_cnt[0] ; Lost Fanouts       ; uart:inst3|tx_fsm.data                                                  ;
+---------------------------+--------------------+-------------------------------------------------------------------------+


+------------------------------------------------------+
; General Register Statistics                          ;
+----------------------------------------------+-------+
; Statistic                                    ; Value ;
+----------------------------------------------+-------+
; Total registers                              ; 84    ;
; Number of registers using Synchronous Clear  ; 14    ;
; Number of registers using Synchronous Load   ; 0     ;
; Number of registers using Asynchronous Clear ; 0     ;
; Number of registers using Asynchronous Load  ; 0     ;
; Number of registers using Clock Enable       ; 58    ;
; Number of registers using Preset             ; 0     ;
+----------------------------------------------+-------+


+--------------------------------------------------+
; Inverted Register Statistics                     ;
+----------------------------------------+---------+
; Inverted Register                      ; Fan out ;
+----------------------------------------+---------+
; Interface_Control:inst|counter[0]      ; 5       ;
; Total number of inverted registers = 1 ;         ;
+----------------------------------------+---------+


+----------------------------------------------------------------------------------------------------------------------------------------------------------------+
; Multiplexer Restructuring Statistics (Restructuring Performed)                                                                                                 ;
+--------------------+-----------+---------------+----------------------+------------------------+------------+--------------------------------------------------+
; Multiplexer Inputs ; Bus Width ; Baseline Area ; Area if Restructured ; Saving if Restructured ; Registered ; Example Multiplexer Output                       ;
+--------------------+-----------+---------------+----------------------+------------------------+------------+--------------------------------------------------+
; 3:1                ; 3 bits    ; 6 LEs         ; 3 LEs                ; 3 LEs                  ; Yes        ; |Main|uart:inst3|tx_data_cnt[0]                  ;
; 4:1                ; 8 bits    ; 16 LEs        ; 8 LEs                ; 8 LEs                  ; Yes        ; |Main|Interface_Control:inst|rx_dataOperation[5] ;
; 4:1                ; 16 bits   ; 32 LEs        ; 16 LEs               ; 16 LEs                 ; Yes        ; |Main|Interface_Control:inst|rx_dataB[2]         ;
; 7:1                ; 5 bits    ; 20 LEs        ; 10 LEs               ; 10 LEs                 ; No         ; |Main|uart:inst3|rx_fsm                          ;
; 6:1                ; 8 bits    ; 32 LEs        ; 32 LEs               ; 0 LEs                  ; No         ; |Main|ula_k:inst1|Selector0                      ;
+--------------------+-----------+---------------+----------------------+------------------------+------------+--------------------------------------------------+


+---------------------------------------------------------+
; Parameter Settings for User Entity Instance: uart:inst3 ;
+----------------+-------+--------------------------------+
; Parameter Name ; Value ; Type                           ;
+----------------+-------+--------------------------------+
; CLK_FREQ       ; 50    ; Signed Integer                 ;
; SER_FREQ       ; 9600  ; Signed Integer                 ;
+----------------+-------+--------------------------------+
Note: In order to hide this table in the UI and the text report file, please set the "Show Parameter Settings in Synthesis Report" option in "Analysis and Synthesis Settings -> More Settings" to "Off".


+------------------------------------------------------------------------------------+
; Parameter Settings for Inferred Entity Instance: ula_k:inst1|lpm_mult:Mult0        ;
+------------------------------------------------+-------------+---------------------+
; Parameter Name                                 ; Value       ; Type                ;
+------------------------------------------------+-------------+---------------------+
; AUTO_CARRY_CHAINS                              ; ON          ; AUTO_CARRY          ;
; IGNORE_CARRY_BUFFERS                           ; OFF         ; IGNORE_CARRY        ;
; AUTO_CASCADE_CHAINS                            ; ON          ; AUTO_CASCADE        ;
; IGNORE_CASCADE_BUFFERS                         ; OFF         ; IGNORE_CASCADE      ;
; LPM_WIDTHA                                     ; 8           ; Untyped             ;
; LPM_WIDTHB                                     ; 8           ; Untyped             ;
; LPM_WIDTHP                                     ; 16          ; Untyped             ;
; LPM_WIDTHR                                     ; 16          ; Untyped             ;
; LPM_WIDTHS                                     ; 1           ; Untyped             ;
; LPM_REPRESENTATION                             ; UNSIGNED    ; Untyped             ;
; LPM_PIPELINE                                   ; 0           ; Untyped             ;
; LATENCY                                        ; 0           ; Untyped             ;
; INPUT_A_IS_CONSTANT                            ; NO          ; Untyped             ;
; INPUT_B_IS_CONSTANT                            ; NO          ; Untyped             ;
; USE_EAB                                        ; OFF         ; Untyped             ;
; MAXIMIZE_SPEED                                 ; 5           ; Untyped             ;
; DEVICE_FAMILY                                  ; Cyclone III ; Untyped             ;
; CARRY_CHAIN                                    ; MANUAL      ; Untyped             ;
; APEX20K_TECHNOLOGY_MAPPER                      ; LUT         ; TECH_MAPPER_APEX20K ;
; DEDICATED_MULTIPLIER_CIRCUITRY                 ; AUTO        ; Untyped             ;
; DEDICATED_MULTIPLIER_MIN_INPUT_WIDTH_FOR_AUTO  ; 0           ; Untyped             ;
; DEDICATED_MULTIPLIER_MIN_OUTPUT_WIDTH_FOR_AUTO ; 0           ; Untyped             ;
; CBXI_PARAMETER                                 ; mult_19t    ; Untyped             ;
; INPUT_A_FIXED_VALUE                            ; Bx          ; Untyped             ;
; INPUT_B_FIXED_VALUE                            ; Bx          ; Untyped             ;
; USE_AHDL_IMPLEMENTATION                        ; OFF         ; Untyped             ;
+------------------------------------------------+-------------+---------------------+
Note: In order to hide this table in the UI and the text report file, please set the "Show Parameter Settings in Synthesis Report" option in "Analysis and Synthesis Settings -> More Settings" to "Off".


+------------------------------------------------------------------------------+
; Parameter Settings for Inferred Entity Instance: ula_k:inst1|lpm_divide:Div0 ;
+------------------------+----------------+------------------------------------+
; Parameter Name         ; Value          ; Type                               ;
+------------------------+----------------+------------------------------------+
; LPM_WIDTHN             ; 8              ; Untyped                            ;
; LPM_WIDTHD             ; 8              ; Untyped                            ;
; LPM_NREPRESENTATION    ; UNSIGNED       ; Untyped                            ;
; LPM_DREPRESENTATION    ; UNSIGNED       ; Untyped                            ;
; LPM_PIPELINE           ; 0              ; Untyped                            ;
; LPM_REMAINDERPOSITIVE  ; TRUE           ; Untyped                            ;
; MAXIMIZE_SPEED         ; 5              ; Untyped                            ;
; CBXI_PARAMETER         ; lpm_divide_egm ; Untyped                            ;
; CARRY_CHAIN            ; MANUAL         ; Untyped                            ;
; OPTIMIZE_FOR_SPEED     ; 5              ; Untyped                            ;
; AUTO_CARRY_CHAINS      ; ON             ; AUTO_CARRY                         ;
; IGNORE_CARRY_BUFFERS   ; OFF            ; IGNORE_CARRY                       ;
; AUTO_CASCADE_CHAINS    ; ON             ; AUTO_CASCADE                       ;
; IGNORE_CASCADE_BUFFERS ; OFF            ; IGNORE_CASCADE                     ;
+------------------------+----------------+------------------------------------+
Note: In order to hide this table in the UI and the text report file, please set the "Show Parameter Settings in Synthesis Report" option in "Analysis and Synthesis Settings -> More Settings" to "Off".


+--------------------------------------------------------------------+
; lpm_mult Parameter Settings by Entity Instance                     ;
+---------------------------------------+----------------------------+
; Name                                  ; Value                      ;
+---------------------------------------+----------------------------+
; Number of entity instances            ; 1                          ;
; Entity Instance                       ; ula_k:inst1|lpm_mult:Mult0 ;
;     -- LPM_WIDTHA                     ; 8                          ;
;     -- LPM_WIDTHB                     ; 8                          ;
;     -- LPM_WIDTHP                     ; 16                         ;
;     -- LPM_REPRESENTATION             ; UNSIGNED                   ;
;     -- INPUT_A_IS_CONSTANT            ; NO                         ;
;     -- INPUT_B_IS_CONSTANT            ; NO                         ;
;     -- USE_EAB                        ; OFF                        ;
;     -- DEDICATED_MULTIPLIER_CIRCUITRY ; AUTO                       ;
;     -- INPUT_A_FIXED_VALUE            ; Bx                         ;
;     -- INPUT_B_FIXED_VALUE            ; Bx                         ;
+---------------------------------------+----------------------------+


+-------------------------------+
; Elapsed Time Per Partition    ;
+----------------+--------------+
; Partition Name ; Elapsed Time ;
+----------------+--------------+
; Top            ; 00:00:02     ;
+----------------+--------------+


+-------------------------------+
; Analysis & Synthesis Messages ;
+-------------------------------+
Info: *******************************************************************
Info: Running Quartus II 64-Bit Analysis & Synthesis
    Info: Version 13.1.0 Build 162 10/23/2013 SJ Web Edition
    Info: Processing started: Thu Sep 25 15:27:37 2014
Info: Command: quartus_map --read_settings_files=on --write_settings_files=off warmup -c warmup
Warning (20028): Parallel compilation is not licensed and has been disabled
Info (12021): Found 1 design units, including 1 entities, in source file ula_k.v
    Info (12023): Found entity 1: ula_k
Info (12021): Found 2 design units, including 1 entities, in source file uart.vhd
    Info (12022): Found design unit 1: uart-Behavioral
    Info (12023): Found entity 1: uart
Info (12021): Found 2 design units, including 1 entities, in source file uart_tb.vhd
    Info (12022): Found design unit 1: uart_tb-Behavioral
    Info (12023): Found entity 1: uart_tb
Info (12021): Found 1 design units, including 1 entities, in source file warmup.v
    Info (12023): Found entity 1: warmup
Info (12021): Found 1 design units, including 1 entities, in source file rs232_test.v
    Info (12023): Found entity 1: rs232_test
Info (12021): Found 1 design units, including 1 entities, in source file ula_tb.v
    Info (12023): Found entity 1: ula
Info (12021): Found 1 design units, including 1 entities, in source file Main.bdf
    Info (12023): Found entity 1: Main
Warning (10236): Verilog HDL Implicit Net warning at warmup.v(11): created implicit net for "rst"
Warning (10236): Verilog HDL Implicit Net warning at warmup.v(14): created implicit net for "tx"
Warning (10236): Verilog HDL Implicit Net warning at warmup.v(18): created implicit net for "tx_req"
Warning (10236): Verilog HDL Implicit Net warning at warmup.v(19): created implicit net for "tx_end"
Warning (10236): Verilog HDL Implicit Net warning at warmup.v(20): created implicit net for "tx_data"
Info (12127): Elaborating entity "Main" for the top level hierarchy
Info (12128): Elaborating entity "ula_k" for hierarchy "ula_k:inst1"
Warning (10235): Verilog HDL Always Construct warning at ula_k.v(13): variable "operation_alu" is read inside the Always Construct but isn't in the Always Construct's Event Control
Warning (10270): Verilog HDL Case Statement warning at ula_k.v(13): incomplete case statement has no default case item
Warning (10240): Verilog HDL Always Construct warning at ula_k.v(9): inferring latch(es) for variable "result_alu", which holds its previous value in one or more paths through the always construct
Info (10041): Inferred latch for "result_alu[0]" at ula_k.v(9)
Info (10041): Inferred latch for "result_alu[1]" at ula_k.v(9)
Info (10041): Inferred latch for "result_alu[2]" at ula_k.v(9)
Info (10041): Inferred latch for "result_alu[3]" at ula_k.v(9)
Info (10041): Inferred latch for "result_alu[4]" at ula_k.v(9)
Info (10041): Inferred latch for "result_alu[5]" at ula_k.v(9)
Info (10041): Inferred latch for "result_alu[6]" at ula_k.v(9)
Info (10041): Inferred latch for "result_alu[7]" at ula_k.v(9)
Warning (12125): Using design file Interface_Control.v, which is not specified as a design file for the current project, but contains definitions for 1 design units and 1 entities in project
    Info (12023): Found entity 1: Interface_Control
Info (12128): Elaborating entity "Interface_Control" for hierarchy "Interface_Control:inst"
Warning (10230): Verilog HDL assignment warning at Interface_Control.v(23): truncated value with size 32 to match size of target (2)
Info (12128): Elaborating entity "uart" for hierarchy "uart:inst3"
Info (278001): Inferred 2 megafunctions from design logic
    Info (278003): Inferred multiplier megafunction ("lpm_mult") from the following logic: "ula_k:inst1|Mult0"
    Info (278004): Inferred divider/modulo megafunction ("lpm_divide") from the following logic: "ula_k:inst1|Div0"
Info (12130): Elaborated megafunction instantiation "ula_k:inst1|lpm_mult:Mult0"
Info (12133): Instantiated megafunction "ula_k:inst1|lpm_mult:Mult0" with the following parameter:
    Info (12134): Parameter "LPM_WIDTHA" = "8"
    Info (12134): Parameter "LPM_WIDTHB" = "8"
    Info (12134): Parameter "LPM_WIDTHP" = "16"
    Info (12134): Parameter "LPM_WIDTHR" = "16"
    Info (12134): Parameter "LPM_WIDTHS" = "1"
    Info (12134): Parameter "LPM_REPRESENTATION" = "UNSIGNED"
    Info (12134): Parameter "INPUT_A_IS_CONSTANT" = "NO"
    Info (12134): Parameter "INPUT_B_IS_CONSTANT" = "NO"
    Info (12134): Parameter "MAXIMIZE_SPEED" = "5"
Info (12021): Found 1 design units, including 1 entities, in source file db/mult_19t.tdf
    Info (12023): Found entity 1: mult_19t
Info (12130): Elaborated megafunction instantiation "ula_k:inst1|lpm_divide:Div0"
Info (12133): Instantiated megafunction "ula_k:inst1|lpm_divide:Div0" with the following parameter:
    Info (12134): Parameter "LPM_WIDTHN" = "8"
    Info (12134): Parameter "LPM_WIDTHD" = "8"
    Info (12134): Parameter "LPM_NREPRESENTATION" = "UNSIGNED"
    Info (12134): Parameter "LPM_DREPRESENTATION" = "UNSIGNED"
Info (12021): Found 1 design units, including 1 entities, in source file db/lpm_divide_egm.tdf
    Info (12023): Found entity 1: lpm_divide_egm
Info (12021): Found 1 design units, including 1 entities, in source file db/sign_div_unsign_fkh.tdf
    Info (12023): Found entity 1: sign_div_unsign_fkh
Info (12021): Found 1 design units, including 1 entities, in source file db/alt_u_div_93f.tdf
    Info (12023): Found entity 1: alt_u_div_93f
Info (12021): Found 1 design units, including 1 entities, in source file db/add_sub_unc.tdf
    Info (12023): Found entity 1: add_sub_unc
Info (12021): Found 1 design units, including 1 entities, in source file db/add_sub_vnc.tdf
    Info (12023): Found entity 1: add_sub_vnc
Warning (13012): Latch ula_k:inst1|result_alu[7] has unsafe behavior
    Warning (13013): Ports D and ENA on the latch are fed by the same signal Interface_Control:inst|rx_dataOperation[2]
Warning (13012): Latch ula_k:inst1|result_alu[6] has unsafe behavior
    Warning (13013): Ports D and ENA on the latch are fed by the same signal Interface_Control:inst|rx_dataOperation[2]
Warning (13012): Latch ula_k:inst1|result_alu[5] has unsafe behavior
    Warning (13013): Ports D and ENA on the latch are fed by the same signal Interface_Control:inst|rx_dataOperation[2]
Warning (13012): Latch ula_k:inst1|result_alu[4] has unsafe behavior
    Warning (13013): Ports D and ENA on the latch are fed by the same signal Interface_Control:inst|rx_dataOperation[2]
Warning (13012): Latch ula_k:inst1|result_alu[3] has unsafe behavior
    Warning (13013): Ports D and ENA on the latch are fed by the same signal Interface_Control:inst|rx_dataOperation[2]
Warning (13012): Latch ula_k:inst1|result_alu[2] has unsafe behavior
    Warning (13013): Ports D and ENA on the latch are fed by the same signal Interface_Control:inst|rx_dataOperation[2]
Warning (13012): Latch ula_k:inst1|result_alu[1] has unsafe behavior
    Warning (13013): Ports D and ENA on the latch are fed by the same signal Interface_Control:inst|rx_dataOperation[2]
Warning (13012): Latch ula_k:inst1|result_alu[0] has unsafe behavior
    Warning (13013): Ports D and ENA on the latch are fed by the same signal Interface_Control:inst|rx_dataOperation[2]
Info (286030): Timing-Driven Synthesis is running
Info (17049): 22 registers lost all their fanouts during netlist optimizations.
Info (16010): Generating hard_block partition "hard_block:auto_generated_inst"
    Info (16011): Adding 0 node(s), including 0 DDIO, 0 PLL, 0 transceiver and 0 LCELL
Info (21057): Implemented 245 device resources after synthesis - the final resource count might be different
    Info (21058): Implemented 3 input pins
    Info (21059): Implemented 9 output pins
    Info (21061): Implemented 232 logic cells
    Info (21062): Implemented 1 DSP elements
Info: Quartus II 64-Bit Analysis & Synthesis was successful. 0 errors, 27 warnings
    Info: Peak virtual memory: 713 megabytes
    Info: Processing ended: Thu Sep 25 15:27:42 2014
    Info: Elapsed time: 00:00:05
    Info: Total CPU time (on all processors): 00:00:04


